VAL: 0, NEXT: 1
VAL: 123, NEXT: 456
VAL: 0, NEXT: 1
