This should print 1
Ah!
This should print 2
Oh!
Ah!
This should print 3
Oh!
