1: .
3: fizz.
5: buzz.
7: .
9: fizz.
11: .
13: .
15: fizzbuzz.
17: .
19: .
21: fizz.
23: .
25: buzz.
27: fizz.
29: .
31: .
33: fizz.
