Global Variables:
4
5
6
Global Variables Initialized:
4
5
6
