Test Shadowing Globals:
0
4
3
Global Variables:
1
4
2
