Global Variables:
1
2
Local Variables:
3
4
Global Variables Initialized:
1
2
Local Variables Initialized:
3
4