Color: RED
Day: Garfield hates Mondays
Direction: SOUTH
Boolean: TRUE
Large Enum: THIRD
