x: 43, y: 128, z: 43
x: 42, y: 128, z: 42
x: 43, y: 128, z: 42
x: 42, y: 128, z: 43
x: 170, y: 128, z: 170
x: 42, y: 128, z: 42
x: 5376, y: 128, z: 5376
x: 42, y: 128, z: 42
x: 42, y: 128, z: 42
