int main() {
  int_ptr f;
  char c;
  f = fopen("six-cc-tests/fgetc.c", 0);
  while (c = fgetc(f)) {
    putchar(c);
  }
}
