2000
Counter: 9
Counter: 8
Counter: 7
Counter: 6
Counter: 5
Counter: 4
Counter: 3
Counter: 2
Counter: 1
Counter: 0
43
247
30504
30628
6 124
