iinntt  mmaaiinn(())  {{

    FiInLtE__ppttrr  ff1;;

    cihnatr_ pct;r
  f 2f; 
=   fcohpaern (c"1s;i
x - ccch-atre sct2s;/
f g eft1c .=c "f,o p0e)n;(
" s iwxh-iclce- t(e(sct s=/ ffggeettcc.(cf"),)  0!)=; 
E O Ff)2  {=
  f o p epnu(t"cshiaxr-(ccc)-;t
e s t}s
/}w
h